<!DOCTYPE html>
<html lang="en">
<head>
  <meta charset="UTF-8">
  <title>Document</title>
  <meta http-equiv="X-UA-Compatible" content="IE=edge,chrome=1" />
  <meta name="description" content="Description">
  <meta name="viewport" content="width=device-width, initial-scale=1.0, minimum-scale=1.0">
  <link rel="stylesheet" href="css/markdown-github.css">
  
</head>
<body>
<h1>
<a id="user-content-parted" class="anchor" href="#parted" aria-hidden="true"><span aria-hidden="true" class="octicon octicon-link"></span></a>parted</h1>
<p>磁盘分区和分区大小调整工具</p>
<h2>
<a id="user-content-补充说明" class="anchor" href="#%E8%A1%A5%E5%85%85%E8%AF%B4%E6%98%8E" aria-hidden="true"><span aria-hidden="true" class="octicon octicon-link"></span></a>补充说明</h2>
<p><strong>parted命令</strong> 是由GNU组织开发的一款功能强大的磁盘分区和分区大小调整工具，与fdisk不同，它支持调整分区的大小。作为一种设计用于Linux的工具，它没有构建成处理与fdisk关联的多种分区类型，但是，它可以处理最常见的分区格式，包括：ext2、ext3、fat16、fat32、NTFS、ReiserFS、JFS、XFS、UFS、HFS以及Linux交换分区。</p>
<h3>
<a id="user-content-语法" class="anchor" href="#%E8%AF%AD%E6%B3%95" aria-hidden="true"><span aria-hidden="true" class="octicon octicon-link"></span></a>语法</h3>
<div class="highlight highlight-source-shell"><pre>parted(选项)(参数)</pre></div>
<h3>
<a id="user-content-选项" class="anchor" href="#%E9%80%89%E9%A1%B9" aria-hidden="true"><span aria-hidden="true" class="octicon octicon-link"></span></a>选项</h3>
<div class="highlight highlight-source-shell"><pre>-h：显示帮助信息；
-i：交互式模式；
-s：脚本模式，不提示用户；
-v：显示版本号。</pre></div>
<h3>
<a id="user-content-参数" class="anchor" href="#%E5%8F%82%E6%95%B0" aria-hidden="true"><span aria-hidden="true" class="octicon octicon-link"></span></a>参数</h3>
<ul>
<li>设备：指定要分区的硬盘所对应的设备文件；</li>
<li>命令：要执行的parted命令。</li>
</ul>
<h3>
<a id="user-content-实例" class="anchor" href="#%E5%AE%9E%E4%BE%8B" aria-hidden="true"><span aria-hidden="true" class="octicon octicon-link"></span></a>实例</h3>
<p>从串行技术出现以来，越来越多用户选择使用大容量的SATA硬盘创建磁盘阵列；特别是MD1000/MD3000，很轻易就突破2T的LUN，故在此给大家一些指引。</p>
<p>红帽企业 Linux 4 Update 4供对大于 2 terabytes（TB）的磁盘设备的支持。</p>
<p>请参考以下操作步骤：</p>
<p>注：</p>
<ul>
<li>绿色代表你需要使用的命令。</li>
<li>红色代表你需要注意到的输出信息，在后续需要使用。</li>
</ul>
<div class="highlight highlight-source-shell"><pre>[root@localhost <span class="pl-k">~</span>]<span class="pl-c"><span class="pl-c">#</span> fdisk -l</span>
Disk /dev/sda: 35.8 GB, 35862976512 bytes
255 heads, 63 sectors/track, 4360 cylinders
Units = cylinders of 16065 <span class="pl-k">*</span> 512 = 8225280 bytes
   Device Boot      Start         End      Blocks   id  System
/dev/sda1   <span class="pl-k">*</span>           1          13      104391   83  Linux
/dev/sda2              14         144     1052257+  82  Linux swap
/dev/sda3             145        4360    33865020   83  Linux
Disk /dev/sdb: 2147 MB, 2147483648 bytes
255 heads, 63 sectors/track, 261 cylinders
Units = cylinders of 16065 <span class="pl-k">*</span> 512 = 8225280 bytes
Disk /dev/sdb doesn<span class="pl-s"><span class="pl-pds">'</span>t contain a valid partition table</span></pre></div>
<div class="highlight highlight-source-shell"><pre>[root@localhost <span class="pl-k">~</span>]<span class="pl-c"><span class="pl-c">#</span> parted /dev/sdb</span>
GNU Parted Copyright (C) 1998 - 2004 free Software Foundation, Inc.
This program is free software, covered by the GNU General Public License.
This program is distributed <span class="pl-k">in</span> the hope that it will be useful, but WITHOUT ANY
WARRANTY<span class="pl-k">;</span> without even the implied warranty of MERCHANTABILITY or FITNESS FOR A
PARTICULAR PURPOSE.  See the GNU General Public License <span class="pl-k">for</span> more details.
使用/dev/sdb
(parted)mklabel gpt
(parted)print
/dev/sdb的磁盘几何结构：0.000-2048.000兆字节
磁盘标签类型：gpt
Minor   起始点       终止点 文件系统   名称                 标志
(parted)mkpart primary 0 2048  <span class="pl-k">&lt;</span>-----上面print显示的数字
(parted)print
/dev/sdb的磁盘几何结构：0.000-2048.000兆字节
磁盘标签类型：gpt
Minor   起始点       终止点 文件系统   名称                 标志
1          0.017   2047.983
(parted)quit</pre></div>
<p>如果必要，不要忘记更新<code>/etc/fstab</code>。</p>
<div class="highlight highlight-source-shell"><pre>[root@localhost <span class="pl-k">~</span>]<span class="pl-c"><span class="pl-c">#</span> fdisk -l</span>
Disk /dev/sda: 35.8 GB, 35862976512 bytes
255 heads, 63 sectors/track, 4360 cylinders
Units = cylinders of 16065 <span class="pl-k">*</span> 512 = 8225280 bytes
   Device Boot      Start         End      Blocks   Id  System
/dev/sda1   <span class="pl-k">*</span>           1          13      104391   83  Linux
/dev/sda2              14         144     1052257+  82  Linux swap
/dev/sda3             145        4360    33865020   83  Linux
WARNING: GPT (GUID Partition Table) detected on <span class="pl-s"><span class="pl-pds">'</span>/dev/sdb<span class="pl-pds">'</span></span><span class="pl-k">!</span> The util fdisk doesn<span class="pl-s"><span class="pl-pds">'</span>t support GPT. Use GNU Parted.</span>
<span class="pl-s"></span>
<span class="pl-s">Disk /dev/sdb: 2147 MB, 2147483648 bytes</span>
<span class="pl-s">255 heads, 63 sectors/track, 261 cylinders</span>
<span class="pl-s">Units = cylinders of 16065 * 512 = 8225280 bytes</span>
<span class="pl-s">   Device Boot      Start         End      Blocks   Id  System</span>
<span class="pl-s">/dev/sdb1               1         262     2097151+  ee  EFI GPT</span>
<span class="pl-s">Partition 1 has different physical/logical beginnings (non-Linux?):</span>
<span class="pl-s">     phys=(0, 0, 1) logical=(0,0, 2)</span>
<span class="pl-s">Partition 1 has different physical/logical endings:</span>
<span class="pl-s">     phys=(1023, 254, 63) logical=(261, 21, 16)</span></pre></div>
<div class="highlight highlight-source-shell"><pre>[root@localhost <span class="pl-k">~</span>]<span class="pl-c"><span class="pl-c">#</span> mkfs.ext3 /dev/sdb1</span>
mke2fs 1.35 (28-Feb-2004)
Filesystem label=
OS type: Linux
Block size=4096 (log=2)
Fragment size=4096 (log=2)
262144 inodes, 524279 blocks
26213 blocks (5.00%) reserved <span class="pl-k">for</span> the super user
First data block=0
Maximum filesystem blocks=536870912
16 block groups
32768 blocks per group, 32768 fragments per group
16384 inodes per group
Superblock backups stored on blocks:
        32768, 98304, 163840, 229376, 294912
Writing inode tables: <span class="pl-k">done</span>
Creating journal (8192 blocks): <span class="pl-k">done</span>
Writing superblocks and filesystem accounting information: <span class="pl-k">done</span>
This filesystem will be automatically checked every 28 mounts or
180 days, whichever comes first.  Use tune2fs -c or -i to override.</pre></div>
<div class="highlight highlight-source-shell"><pre>[root@localhost <span class="pl-k">~</span>]<span class="pl-c"><span class="pl-c">#</span> mount /dev/sdb1 /mnt</span>
[root@localhost <span class="pl-k">~</span>]<span class="pl-c"><span class="pl-c">#</span> df -h</span>
Filesystem            容量  已用 可用 已用% 挂载点
/dev/sda3              <span class="pl-k">&lt;</span><span class="pl-k">?</span>xml:namespace prefix = st1 /<span class="pl-k">&gt;</span>32G  2.6G   28G   9% /
/dev/sda1              99M   12M   82M  13% /boot
none                  252M     0  252M   0% /dev/shm
/dev/sdb1             2.0G   36M  1.9G   2% /mnt</pre></div>


</body>
</html>